Microchip MPLAB XC8 Compiler V1.41 ()

Linker command line:

-W-3 --edf=/opt/microchip/xc8/v1.41/dat/en_msgs.txt -cs \
  -h+dist/default/production/newproject.X.production.sym \
  --cmf=dist/default/production/newproject.X.production.cmf -z -Q18F452 \
  -o/tmp/xcXOSiskA -Mdist/default/production/newproject.X.production.map \
  -E1 -ver=XC8 -ASTACK=080h-05ffh -pstack=STACK -ACODE=00h-03FFFhx2 \
  -ACONST=00h-07FFFh -ASMALLCONST=0600h-06FFhx122 \
  -AMEDIUMCONST=0600h-07FFFh -ACOMRAM=01h-07Fh -AABS1=00h-05FFh \
  -ABIGRAM=01h-05FFh -ARAM=080h-0FFh,0100h-01FFhx5 -ABANK0=080h-0FFh \
  -ABANK1=0100h-01FFh -ABANK2=0200h-02FFh -ABANK3=0300h-03FFh \
  -ABANK4=0400h-04FFh -ABANK5=0500h-05FFh -ASFR=0F80h-0FFFh \
  -preset_vec=00h,intcode,intcodelo=018h,powerup,init -pramtop=0600h \
  -psmallconst=SMALLCONST -pmediumconst=MEDIUMCONST -pconst=CONST \
  -AFARRAM=00h-00h -ACONFIG=0300000h-030000Dh -pconfig=CONFIG \
  -AIDLOC=0200000h-0200007h -pidloc=IDLOC -AEEDATA=0F00000h-0F000FFh \
  -peeprom_data=EEDATA \
  -prdata=COMRAM,nvrram=COMRAM,nvbit=COMRAM,rbss=COMRAM,rbit=COMRAM \
  -pfarbss=FARRAM,fardata=FARRAM,nvFARRAM=FARRAM \
  -pintsave_regs=BIGRAM,bigbss=BIGRAM,bigdata=BIGRAM -pbss=RAM \
  -pidata=CODE,irdata=CODE,ibigdata=CODE,ifardata=CODE -prparam=COMRAM \
  /tmp/xcXNNpdpb.obj dist/default/production/newproject.X.production.obj 

Object code version is 3.11

Machine type is 18F452

Call graph: (short form)




                Name                               Link     Load   Length Selector   Space Scale
/tmp/xcXNNpdpb.obj
                text                                214      214        2        C       0
                init                                 E0       E0        4        C       0
                reset_vec                             0        0        6        0       0
                idloc                            200000   200000        8   200000       0
                config                           300000   300000        E   300000       0
dist/default/production/newproject.X.production.obj
                intcodelo                            18       18       C8        C       0
                temp                                 23       23        1        1       1
                text2                               1D6      1D6       34        C       0
                text1                                E4       E4       98        C       0
                text0                               17C      17C       5A        C       0
                cstackCOMRAM                          1        1       1F        1       1
                cinit                               20A      20A        A        C       0
                nvCOMRAM                             20       20        3        1       1

TOTAL           Name                               Link     Load   Length     Space
        CLASS   STACK          

        CLASS   CODE           
                intcodelo                            18       18       C8         0
                text                                214      214        2         0
                init                                 E0       E0        4         0
                reset_vec                             0        0        6         0
                text2                               1D6      1D6       34         0
                text1                                E4       E4       98         0
                text0                               17C      17C       5A         0
                cinit                               20A      20A        A         0

        CLASS   CONST          

        CLASS   SMALLCONST     

        CLASS   MEDIUMCONST    

        CLASS   COMRAM         
                temp                                 23       23        1         1
                cstackCOMRAM                          1        1       1F         1
                nvCOMRAM                             20       20        3         1

        CLASS   ABS1           

        CLASS   BIGRAM         

        CLASS   RAM            

        CLASS   BANK0          

        CLASS   BANK1          

        CLASS   BANK2          

        CLASS   BANK3          

        CLASS   BANK4          

        CLASS   BANK5          

        CLASS   SFR            

        CLASS   FARRAM         

        CLASS   CONFIG         
                config                           300000   300000        E         0

        CLASS   IDLOC          
                idloc                            200000   200000        8         0

        CLASS   EEDATA         



SEGMENTS        Name                           Load    Length   Top    Selector   Space  Class

                reset_vec                      000000  000006  000006         0       0  CODE    
                cstackCOMRAM                   000001  000023  000024         1       1  COMRAM  
                intcodelo                      000018  0001FE  000216         C       0  CODE    
                idloc                          200000  000008  200008    200000       0  IDLOC   
                config                         300000  00000E  30000E    300000       0  CONFIG  


UNUSED ADDRESS RANGES

        Name                Unused          Largest block    Delta
        BANK0            000080-0000FF               80
        BANK1            000100-0001FF              100
        BANK2            000200-0002FF              100
        BANK3            000300-0003FF              100
        BANK4            000400-0004FF              100
        BANK5            000500-0005FF              100
        BIGRAM           000024-0005FF              5DC
        CODE             000006-000017               12
                         000216-007FFF             3DEA
        COMRAM           000024-00007F               5C
        CONST            000006-000017               12
                         000216-007FFF             7DEA
        EEDATA           F00000-F000FF              100
        MEDIUMCONST      000600-007FFF             7A00
        RAM              000080-0005FF              100
        SFR              000F80-000FFF               80
        SMALLCONST       000600-007FFF              100
        STACK            000080-0005FF              580

                                  Symbol Table

?_ADC_Read                                                         cstackCOMRAM 000014
?___awdiv                                                          cstackCOMRAM 000018
ADC_Read@resultado                                                 cstackCOMRAM 000016
_ADCON0                                                            (abs)        000FC2
_ADCON0bits                                                        (abs)        000FC2
_ADCON1                                                            (abs)        000FC1
_ADC_Read                                                          text2        0001D6
_ADRESH                                                            (abs)        000FC4
_ADRESL                                                            (abs)        000FC3
_GIE                                                               (abs)        007F97
_PEIE                                                              (abs)        007F96
_PORTA                                                             (abs)        000F80
_PORTC                                                             (abs)        000F82
_PORTCbits                                                         (abs)        000F82
_T0CON                                                             (abs)        000FD5
_TMR0                                                              (abs)        000FD6
_TMR0IE                                                            (abs)        007F95
_TMR0IF                                                            (abs)        007F92
_TMR0ON                                                            (abs)        007EAF
_TRISA                                                             (abs)        000F92
_TRISC                                                             (abs)        000F94
__CFG_BOR$OFF                                                      (abs)        000000
__CFG_BORV$20                                                      (abs)        000000
__CFG_CCP2MUX$ON                                                   (abs)        000000
__CFG_CP0$OFF                                                      (abs)        000000
__CFG_CP1$OFF                                                      (abs)        000000
__CFG_CP2$OFF                                                      (abs)        000000
__CFG_CP3$OFF                                                      (abs)        000000
__CFG_CPB$OFF                                                      (abs)        000000
__CFG_CPD$OFF                                                      (abs)        000000
__CFG_EBTR0$OFF                                                    (abs)        000000
__CFG_EBTR1$OFF                                                    (abs)        000000
__CFG_EBTR2$OFF                                                    (abs)        000000
__CFG_EBTR3$OFF                                                    (abs)        000000
__CFG_EBTRB$OFF                                                    (abs)        000000
__CFG_LVP$OFF                                                      (abs)        000000
__CFG_OSC$XT                                                       (abs)        000000
__CFG_OSCS$OFF                                                     (abs)        000000
__CFG_PWRT$OFF                                                     (abs)        000000
__CFG_STVR$ON                                                      (abs)        000000
__CFG_WDT$OFF                                                      (abs)        000000
__CFG_WDTPS$128                                                    (abs)        000000
__CFG_WRT0$OFF                                                     (abs)        000000
__CFG_WRT1$OFF                                                     (abs)        000000
__CFG_WRT2$OFF                                                     (abs)        000000
__CFG_WRT3$OFF                                                     (abs)        000000
__CFG_WRTB$OFF                                                     (abs)        000000
__CFG_WRTC$OFF                                                     (abs)        000000
__CFG_WRTD$OFF                                                     (abs)        000000
__HRAM                                                             (abs)        000000
__Habs1                                                            abs1         000000
__Hbank0                                                           bank0        000000
__Hbank1                                                           bank1        000000
__Hbank2                                                           bank2        000000
__Hbank3                                                           bank3        000000
__Hbank4                                                           bank4        000000
__Hbank5                                                           bank5        000000
__Hbigbss                                                          bigbss       000000
__Hbigdata                                                         bigdata      000000
__Hbigram                                                          bigram       000000
__Hbss                                                             bss          000000
__Hcinit                                                           cinit        000000
__Hclrtext                                                         clrtext      000000
__Hcomram                                                          comram       000000
__Hconfig                                                          config       30000E
__Hconst                                                           const        000000
__HcstackCOMRAM                                                    cstackCOMRAM 000000
__Hdata                                                            data         000000
__Heeprom_data                                                     eeprom_data  000000
__Hfarbss                                                          farbss       000000
__Hfardata                                                         fardata      000000
__Hibigdata                                                        ibigdata     000000
__Hidata                                                           idata        000000
__Hidloc                                                           idloc        200008
__Hifardata                                                        ifardata     000000
__Hinit                                                            init         0000E4
__Hintcode                                                         intcode      000006
__Hintcode_body                                                    intcode_body 000000
__Hintcodelo                                                       intcodelo    0000E0
__Hintentry                                                        intentry     000000
__Hintret                                                          intret       000000
__Hintsave_regs                                                    intsave_regs 000000
__Hirdata                                                          irdata       000000
__Hmediumconst                                                     mediumconst  000000
__HnvCOMRAM                                                        nvCOMRAM     000000
__HnvFARRAM                                                        nvFARRAM     000000
__Hnvbit                                                           nvbit        000000
__Hnvrram                                                          nvrram       000000
__Hparam                                                           rparam       000000
__Hpowerup                                                         powerup      0000E0
__Hram                                                             ram          000000
__Hramtop                                                          ramtop       000600
__Hrbit                                                            rbit         000000
__Hrbss                                                            rbss         000000
__Hrdata                                                           rdata        000000
__Hreset_vec                                                       reset_vec    000006
__Hrparam                                                          rparam       000000
__Hsfr                                                             sfr          000000
__Hsmallconst                                                      smallconst   000000
__Hspace_0                                                         (abs)        30000E
__Hspace_1                                                         (abs)        000024
__Hspace_2                                                         (abs)        000000
__Hstack                                                           stack        000000
__Hstruct                                                          struct       000000
__Htemp                                                            temp         000024
__Htext                                                            text         000000
__Htext0                                                           text0        000000
__Htext1                                                           text1        000000
__Htext2                                                           text2        000000
__LRAM                                                             (abs)        000001
__Labs1                                                            abs1         000000
__Lbank0                                                           bank0        000000
__Lbank1                                                           bank1        000000
__Lbank2                                                           bank2        000000
__Lbank3                                                           bank3        000000
__Lbank4                                                           bank4        000000
__Lbank5                                                           bank5        000000
__Lbigbss                                                          bigbss       000000
__Lbigdata                                                         bigdata      000000
__Lbigram                                                          bigram       000000
__Lbss                                                             bss          000000
__Lcinit                                                           cinit        000000
__Lclrtext                                                         clrtext      000000
__Lcomram                                                          comram       000000
__Lconfig                                                          config       300000
__Lconst                                                           const        000000
__LcstackCOMRAM                                                    cstackCOMRAM 000000
__Ldata                                                            data         000000
__Leeprom_data                                                     eeprom_data  000000
__Lfarbss                                                          farbss       000000
__Lfardata                                                         fardata      000000
__Libigdata                                                        ibigdata     000000
__Lidata                                                           idata        000000
__Lidloc                                                           idloc        200000
__Lifardata                                                        ifardata     000000
__Linit                                                            init         0000E0
__Lintcode                                                         intcode      000006
__Lintcode_body                                                    intcode_body 000000
__Lintcodelo                                                       intcodelo    000018
__Lintentry                                                        intentry     000000
__Lintret                                                          intret       000000
__Lintsave_regs                                                    intsave_regs 000000
__Lirdata                                                          irdata       000000
__Lmediumconst                                                     mediumconst  000000
__LnvCOMRAM                                                        nvCOMRAM     000000
__LnvFARRAM                                                        nvFARRAM     000000
__Lnvbit                                                           nvbit        000000
__Lnvrram                                                          nvrram       000000
__Lparam                                                           rparam       000000
__Lpowerup                                                         powerup      0000E0
__Lram                                                             ram          000000
__Lramtop                                                          ramtop       000600
__Lrbit                                                            rbit         000000
__Lrbss                                                            rbss         000000
__Lrdata                                                           rdata        000000
__Lreset_vec                                                       reset_vec    000000
__Lrparam                                                          rparam       000000
__Lsfr                                                             sfr          000000
__Lsmallconst                                                      smallconst   000000
__Lspace_0                                                         (abs)        000000
__Lspace_1                                                         (abs)        000000
__Lspace_2                                                         (abs)        000000
__Lstack                                                           stack        000000
__Lstruct                                                          struct       000000
__Ltemp                                                            temp         000023
__Ltext                                                            text         000000
__Ltext0                                                           text0        000000
__Ltext1                                                           text1        000000
__Ltext2                                                           text2        000000
__S0                                                               (abs)        30000E
__S1                                                               (abs)        000024
__S2                                                               (abs)        000000
___awdiv                                                           text1        0000E4
___awdiv@counter                                                   cstackCOMRAM 00001C
___awdiv@dividend                                                  cstackCOMRAM 000018
___awdiv@divisor                                                   cstackCOMRAM 00001A
___awdiv@quotient                                                  cstackCOMRAM 00001E
___awdiv@sign                                                      cstackCOMRAM 00001D
___inthi_sp                                                        stack        000000
___intlo_sp                                                        stack        000000
___param_bank                                                      (abs)        000000
___rparam_used                                                     (abs)        000001
___sp                                                              stack        000000
__accesstop                                                        (abs)        000080
__activetblptr                                                     (abs)        000000
__cntErrataNOP_/tmp/xcXNNpdpb.obj                                  (abs)        000001
__cntErrataNOP_dist/default/production/newproject.X.production.obj (abs)        000010
__end_of_ADC_Read                                                  text2        00020A
__end_of___awdiv                                                   text1        00017C
__end_of__initialization                                           cinit        00020A
__end_of_interrupcao                                               intcodelo    0000DE
__end_of_main                                                      text0        0001D6
__initialization                                                   cinit        00020A
__mediumconst                                                      mediumconst  000000
__pcinit                                                           cinit        00020A
__pcstackCOMRAM                                                    cstackCOMRAM 000001
__pintcodelo                                                       intcodelo    000018
__pnvCOMRAM                                                        nvCOMRAM     000020
__ptext0                                                           text0        00017C
__ptext1                                                           text1        0000E4
__ptext2                                                           text2        0001D6
__ramtop                                                           ramtop       000600
__size_of_ADC_Read                                                 (abs)        000000
__size_of___awdiv                                                  (abs)        000000
__size_of_interrupcao                                              (abs)        000000
__size_of_main                                                     (abs)        000000
__smallconst                                                       smallconst   000000
_adc                                                               nvCOMRAM     000020
_duty                                                              nvCOMRAM     000022
_interrupcao                                                       intcodelo    000018
_main                                                              text0        00017C
btemp                                                              temp         000023
end_of_initialization                                              cinit        00020A
int$flags                                                          temp         000023
intlevel0                                                          text         000214
intlevel1                                                          text         000214
intlevel2                                                          text         000214
intlevel3                                                          text         000214
stackhi                                                            (abs)        0005FF
stacklo                                                            (abs)        000080
start                                                              init         0000E0
start_initialization                                               cinit        00020A


FUNCTION INFORMATION:

 *************** function _main *****************
 Defined at:
		line 78 in file "newmain.c"
 Parameters:    Size  Location     Type
		None
 Auto vars:     Size  Location     Type
		None
 Return value:  Size  Location     Type
                  1    wreg      void 
 Registers used:
		wreg, status,2, status,0, cstack
 Tracked objects:
		On entry : 
		On exit  : 
		Unchanged: 
 Data sizes:     COMRAM   BANK0   BANK1   BANK2   BANK3   BANK4   BANK5
      Params:         0       0       0       0       0       0       0
      Locals:         0       0       0       0       0       0       0
      Temps:          0       0       0       0       0       0       0
      Totals:         0       0       0       0       0       0       0
Total ram usage:        0 bytes
 Hardware stack levels required when called:    2
 This function calls:
		_ADC_Read
		___awdiv
 This function is called by:
		Startup code after reset
 This function uses a non-reentrant model


 *************** function ___awdiv *****************
 Defined at:
		line 8 in file "/opt/microchip/xc8/v1.41/sources/common/awdiv.c"
 Parameters:    Size  Location     Type
  dividend        2   23[COMRAM] int 
  divisor         2   25[COMRAM] int 
 Auto vars:     Size  Location     Type
  quotient        2   29[COMRAM] int 
  sign            1   28[COMRAM] unsigned char 
  counter         1   27[COMRAM] unsigned char 
 Return value:  Size  Location     Type
                  2   23[COMRAM] int 
 Registers used:
		wreg, status,2, status,0
 Tracked objects:
		On entry : 
		On exit  : 
		Unchanged: 
 Data sizes:     COMRAM   BANK0   BANK1   BANK2   BANK3   BANK4   BANK5
      Params:         4       0       0       0       0       0       0
      Locals:         4       0       0       0       0       0       0
      Temps:          0       0       0       0       0       0       0
      Totals:         8       0       0       0       0       0       0
Total ram usage:        8 bytes
 Hardware stack levels used:    1
 Hardware stack levels required when called:    1
 This function calls:
		Nothing
 This function is called by:
		_main
 This function uses a non-reentrant model


 *************** function _ADC_Read *****************
 Defined at:
		line 67 in file "newmain.c"
 Parameters:    Size  Location     Type
		None
 Auto vars:     Size  Location     Type
  resultado       2   21[COMRAM] int 
 Return value:  Size  Location     Type
                  2   19[COMRAM] int 
 Registers used:
		wreg, status,2, status,0
 Tracked objects:
		On entry : 
		On exit  : 
		Unchanged: 
 Data sizes:     COMRAM   BANK0   BANK1   BANK2   BANK3   BANK4   BANK5
      Params:         2       0       0       0       0       0       0
      Locals:         2       0       0       0       0       0       0
      Temps:          0       0       0       0       0       0       0
      Totals:         4       0       0       0       0       0       0
Total ram usage:        4 bytes
 Hardware stack levels used:    1
 Hardware stack levels required when called:    1
 This function calls:
		Nothing
 This function is called by:
		_main
 This function uses a non-reentrant model


 *************** function _interrupcao *****************
 Defined at:
		line 100 in file "newmain.c"
 Parameters:    Size  Location     Type
		None
 Auto vars:     Size  Location     Type
		None
 Return value:  Size  Location     Type
                  1    wreg      void 
 Registers used:
		wreg, status,2, status,0
 Tracked objects:
		On entry : 
		On exit  : 
		Unchanged: 
 Data sizes:     COMRAM   BANK0   BANK1   BANK2   BANK3   BANK4   BANK5
      Params:         0       0       0       0       0       0       0
      Locals:         0       0       0       0       0       0       0
      Temps:         19       0       0       0       0       0       0
      Totals:        19       0       0       0       0       0       0
Total ram usage:       19 bytes
 Hardware stack levels used:    1
 This function calls:
		Nothing
 This function is called by:
		Interrupt level 1
 This function uses a non-reentrant model



MODULE INFORMATION

Module		Function		Class		Link	Load	Size
/opt/microchip/xc8/v1.41/sources/common/awdiv.c
		___awdiv       		CODE           	00E4	0000	153

/opt/microchip/xc8/v1.41/sources/common/awdiv.c estimated size: 153

newmain.c
		_main          		CODE           	017C	0000	91
		_interrupcao   		CODE           	0018	0000	199
		_ADC_Read      		CODE           	01D6	0000	53

newmain.c estimated size: 343

shared
		__initialization		CODE           	020A	0000	1

shared estimated size: 1

